<div class="form-text-container flex rounded-sm shadow-sm relative">
    
    <select  name="timezone"              id="timezone"             
            
            class="form-select block w-full pl-3 pr-10 py-2 rounded-md border-blue-gray-300 sm:text-sm focus:outline-none focus:border-blue-300 focus:ring-4 focus:ring-opacity-50 focus:ring-blue-400 rounded-md"
            
    >
        

                    <optgroup label="General">
                                    <option value="GMT">GMT</option>
                                    <option value="UTC">UTC</option>
                            </optgroup>
                    <optgroup label="Antarctica">
                                    <option value="Antarctica/Casey">(GMT/UTC +11:00) Antarctica/Casey</option>
                                    <option value="Antarctica/Davis">(GMT/UTC +07:00) Antarctica/Davis</option>
                                    <option value="Antarctica/DumontDUrville">(GMT/UTC +10:00) Antarctica/DumontDUrville</option>
                                    <option value="Antarctica/Macquarie">(GMT/UTC +11:00) Antarctica/Macquarie</option>
                                    <option value="Antarctica/Mawson">(GMT/UTC +05:00) Antarctica/Mawson</option>
                                    <option value="Antarctica/McMurdo">(GMT/UTC +13:00) Antarctica/McMurdo</option>
                                    <option value="Antarctica/Palmer">(GMT/UTC -03:00) Antarctica/Palmer</option>
                                    <option value="Antarctica/Rothera">(GMT/UTC -03:00) Antarctica/Rothera</option>
                                    <option value="Antarctica/Syowa">(GMT/UTC +03:00) Antarctica/Syowa</option>
                                    <option value="Antarctica/Troll">(GMT/UTC +02:00) Antarctica/Troll</option>
                                    <option value="Antarctica/Vostok">(GMT/UTC +06:00) Antarctica/Vostok</option>
                            </optgroup>
            </select>

    </div>
