<div class="form-group form-group-inline sm:grid sm:grid-cols-3 sm:gap-4 sm:items-start form-group-inline--border sm:pt-5 sm:border-t sm:border-blue-gray-200 first:sm:pt-0 first:sm:border-none mb-5 last:mb-0">
    <div class="flex justify-between">
                    <label  for="foo"  class="form-label block text-sm font-medium leading-5 text-blue-gray-700 form-group__inline-label sm:mt-px sm:pt-2">
            Foo
    </label>
        
                    <span class="text-sm text-blue-gray-500 inline-block sm:hidden"
                   id="foo-hint"             >
                Optional
            </span>
            </div>

    <div class="form-group__content mt-1 form-group__content--inline sm:mt-0 sm:col-span-2">
        <div class="form-text-container flex rounded-sm shadow-sm relative">
    
    <input
        class="form-input form-text flex-1 block w-full px-3 py-2 border-blue-gray-300 placeholder-blue-gray-400 sm:text-sm focus:border-blue-300 focus:ring-opacity-50 focus:ring-4 focus:ring-blue-400 rounded-md" aria-describedby="foo-hint foo-hint-inline"
        

         name="foo"          id="foo"         type="text"

        
            />

    </div>

        
                    <span class="text-sm mt-1 text-blue-gray-500 hidden sm:block"
                   id="foo-hint-inline"             >
                Optional
            </span>
        
            </div>
</div>
