<div class="form-group mb-5 last:mb-0">
    <div class="flex justify-between">
                    <label  for="foo"  class="form-label block text-sm font-medium leading-5 text-blue-gray-700">
            Foo
    </label>
        
                    <span class="text-sm text-blue-gray-500 "
                   id="foo-hint"             >
                My hint text
            </span>
            </div>

    <div class="form-group__content mt-1 ">
        <div class="form-text-container flex rounded-sm shadow-sm relative">
    
    <input
        class="form-input form-text flex-1 block w-full px-3 py-2 border-blue-gray-300 placeholder-blue-gray-400 sm:text-sm focus:border-blue-300 focus:ring-opacity-50 focus:ring-4 focus:ring-blue-400 rounded-md" aria-describedby="foo-hint"
        

         name="foo"          id="foo"         type="text"

        
            />

    </div>

        
        
            </div>
</div>
